--- ???冽?蝔皜?---
??甇仿? 1: 皜祈岫?貊?撌脖???(Available)
?? 甇仿? 2: 甇??澆鈭斗? Function...
??甇仿? 3: Function ?瑁?憭望?: Function us-central1-handleBookTransaction does not exist, valid functions are: 
